[milo.bootlab.io/home-threecolumn.html]
[backblue.gif]
[fade.gif]
[index.html]
[milo.bootlab.io/css/app.css]
[milo.bootlab.io/home-onecolumn.html]
[milo.bootlab.io/home-twocolumn.html]
[milo.bootlab.io/home-fourcolumn.html]
[milo.bootlab.io/home-featured.html]
[milo.bootlab.io/home-fullwidth.html]
[milo.bootlab.io/post-image.html]
[milo.bootlab.io/post-video.html]
[milo.bootlab.io/doc-alerts.html]
[milo.bootlab.io/doc-buttons.html]
[milo.bootlab.io/doc-cards.html]
[milo.bootlab.io/doc-forms.html]
[milo.bootlab.io/doc-icons.html]
[milo.bootlab.io/doc-pagination.html]
[milo.bootlab.io/doc-tables.html]
[milo.bootlab.io/doc-typography.html]
[milo.bootlab.io/index.html]
[milo.bootlab.io/page-about.html]
[milo.bootlab.io/page-contact.html]
[milo.bootlab.io/page-category.html]
[milo.bootlab.io/img/articles/18.jpg]
[milo.bootlab.io/img/articles/22.jpg]
[milo.bootlab.io/img/articles/3.jpg]
[milo.bootlab.io/img/articles/20.jpg]
[milo.bootlab.io/img/articles/5.jpg]
[milo.bootlab.io/img/articles/1.jpg]
[milo.bootlab.io/img/instagram/1.jpg]
[milo.bootlab.io/img/instagram/2.jpg]
[milo.bootlab.io/img/instagram/3.jpg]
[milo.bootlab.io/img/instagram/4.jpg]
[milo.bootlab.io/img/instagram/5.jpg]
[milo.bootlab.io/img/instagram/6.jpg]
[milo.bootlab.io/img/instagram/7.jpg]
[milo.bootlab.io/img/instagram/8.jpg]
[milo.bootlab.io/home-threecolumn.html]
[milo.bootlab.io/css/app.css]
[milo.bootlab.io/js/app.js]
[milo.bootlab.io/img/articles/8.jpg]
[milo.bootlab.io/img/articles/19.jpg]
[milo.bootlab.io/home-onecolumn.html]
[milo.bootlab.io/img/articles/2.jpg]
[milo.bootlab.io/img/articles/12.jpg]
[milo.bootlab.io/img/articles/13.jpg]
[milo.bootlab.io/home-twocolumn.html]
[milo.bootlab.io/img/articles/10.jpg]
[milo.bootlab.io/img/articles/9.jpg]
[milo.bootlab.io/img/articles/7.jpg]
[milo.bootlab.io/home-fourcolumn.html]
[milo.bootlab.io/img/articles/11.jpg]
[milo.bootlab.io/img/articles/21.jpg]
[milo.bootlab.io/home-featured.html]
[milo.bootlab.io/home-fullwidth.html]
[milo.bootlab.io/img/avatars/3.png]
[milo.bootlab.io/img/avatars/2.png]
[milo.bootlab.io/img/avatars/1.png]
[milo.bootlab.io/img/avatars/4.png]
[milo.bootlab.io/post-image.html]
[milo.bootlab.io/post-video.html]
[milo.bootlab.io/doc-alerts.html]
[milo.bootlab.io/doc-buttons.html]
[milo.bootlab.io/doc-cards.html]
[milo.bootlab.io/doc-forms.html]
[milo.bootlab.io/doc-icons.html]
[milo.bootlab.io/doc-pagination.html]
[milo.bootlab.io/doc-tables.html]
[milo.bootlab.io/doc-typography.html]
[milo.bootlab.io/img/screenshots/onecolumn.jpg]
[milo.bootlab.io/img/screenshots/twocolumn.jpg]
[milo.bootlab.io/img/screenshots/threecolumn.jpg]
[milo.bootlab.io/img/screenshots/fourcolumn.jpg]
[milo.bootlab.io/img/screenshots/featured.jpg]
[milo.bootlab.io/img/screenshots/fullwidth.jpg]
[milo.bootlab.io/index.html]
[milo.bootlab.io/img/18.jpg]
[milo.bootlab.io/page-about.html]
[milo.bootlab.io/page-contact.html]
[milo.bootlab.io/page-category.html]
[milo.bootlab.io/img/18.html]
